[wealthmax.co.uk/index.html]
[backblue.gif]
[fade.gif]
[index.html]
[connect.facebook.net/en_US/fbevents.js]
[wealthmax.co.uk/index-2.html]
[wealthmax.co.uk/a-lion/lion.png]
[wealthmax.co.uk/homepage/homebannernew.png]
[cdn.jsdelivr.net/npm/bootstrap-icons@1.10.5/font/bootstrap-icons.css]
[cdnjs.cloudflare.com/ajax/libs/font-awesome/6.4.2/css/all.min.css]
[wealthmax.co.uk/styles.f5e4fd80204284ec.css]
[wealthmax.co.uk/runtime.12dce29af69d8f8a.js]
[wealthmax.co.uk/polyfills.c16b083bafc206bc.js]
[wealthmax.co.uk/scripts.a5b756e664249597.js]
[wealthmax.co.uk/index.html]
[wealthmax.co.uk/main.e1772c9ed3927006.js]
[wealthmax.co.uk/bootstrap-icons.154365acf3010d9604d5.woff2]
[wealthmax.co.uk/bootstrap-icons.ac1a99b3d05d823204d5.woff]
[wealthmax.co.uk/Mobile.html]
[wealthmax.co.uk/homepage/callback.png]
[wealthmax.co.uk/willsplanning/wealthmaxlogo.svg]
[wealthmax.co.uk/protection.html]
[wealthmax.co.uk/mortgage.html]
[wealthmax.co.uk/commercial-lending.html]
[wealthmax.co.uk/pension.html]
[wealthmax.co.uk/wills.html]
[wealthmax.co.uk/who-we-are.html]
[wealthmax.co.uk/network.html]
[wealthmax.co.uk/careers.html]
[wealthmax.co.uk/contact-us.html]
[wealthmax.co.uk/newsletter.html]
[wealthmax.co.uk/homepage/p-avatargroup.svg]
[wealthmax.co.uk/homepage/stars-g.svg]
[wealthmax.co.uk/homepage/card2-img/hw1.svg]
[wealthmax.co.uk/homepage/card2-img/hw2.svg]
[wealthmax.co.uk/homepage/card2-img/hw3.svg]
[wealthmax.co.uk/homepage/card2-img/hw4.svg]
[wealthmax.co.uk/homepage/card2-img/hw5.svg]
[wealthmax.co.uk/homepage/s1.png]
[wealthmax.co.uk/homepage/s2.png]
[wealthmax.co.uk/homepage/s3.png]
[wealthmax.co.uk/homepage/s4.png]
[wealthmax.co.uk/homepage/e1.png]
[wealthmax.co.uk/homepage/e2.png]
[wealthmax.co.uk/homepage/e3.png]
[wealthmax.co.uk/homepage/e4.png]
[wealthmax.co.uk/homepage/callback-icons/h1 (1).png]
[wealthmax.co.uk/homepage/callback-icons/h1 (4).png]
[wealthmax.co.uk/homepage/callback-icons/h1 (3).png]
[wealthmax.co.uk/homepage/callback-icons/h1 (2).png]
[wealthmax.co.uk/homepage/subscribe_image.png]
[wealthmax.co.uk/footer/wealthLogo.svg.png]
[wealthmax.co.uk/index-2.html]
[www.googletagmanager.com/gtm5445.html]
[wealthmax.co.uk/t.html]
[wealthmax.co.uk/signals/config/index.html]
[wealthmax.co.uk/e.html]
[wealthmax.co.uk/t-2.html]
[wealthmax.co.uk/signals/plugins/index.html]
[wealthmax.co.uk/schema.org/index.html]
[wealthmax.co.uk/o.html]
[wealthmax.co.uk/signals/iwl.html]
[wealthmax.co.uk/signals/iwl0fc5.html]
[wealthmax.co.uk/n.html]
[connect.facebook.net/en_US/fbevents.js]
[wealthmax.co.uk/n-2.html]
[cdn.jsdelivr.net/npm/bootstrap-icons@1.10.5/font/fonts/bootstrap-iconse52a.woff2]
[cdn.jsdelivr.net/npm/bootstrap-icons@1.10.5/font/fonts/bootstrap-iconse52a.woff]
[cdn.jsdelivr.net/npm/bootstrap-icons@1.10.5/font/bootstrap-icons.css]
[cdnjs.cloudflare.com/ajax/libs/font-awesome/6.4.2/css/all.min.css]
[wealthmax.co.uk/styles.f5e4fd80204284ec.css]
[wealthmax.co.uk/Mobile.html]
[wealthmax.co.uk/willsplanning/wealthmaxlogo.svg]
[wealthmax.co.uk/desktop image/error-img.svg]
[wealthmax.co.uk/desktop image/protection.webp]
[wealthmax.co.uk/protection-img/main.svg]
[wealthmax.co.uk/protection-img/topimg.png]
[wealthmax.co.uk/protection-img/right.svg]
[wealthmax.co.uk/protection-img/key.svg]
[wealthmax.co.uk/protection-img/shareholder.svg]
[wealthmax.co.uk/protection-img/relevant.svg]
[wealthmax.co.uk/protection.html]
[wealthmax.co.uk/protection-img/business.svg]
[wealthmax.co.uk/calculator/bg3cal.png]
[wealthmax.co.uk/desktop image/mortgage.webp]
[wealthmax.co.uk/mortage/main.png]
[wealthmax.co.uk/mortage/top.png]
[wealthmax.co.uk/mortage/bottom.png]
[wealthmax.co.uk/mortage/first-cardd.png]
[wealthmax.co.uk/mortgage/buy-to-let.html]
[wealthmax.co.uk/mortage/second-card.png]
[wealthmax.co.uk/mortgage/residential-mortgages.html]
[wealthmax.co.uk/mortage/third-card.png]
[wealthmax.co.uk/mortgage/first-time-buyer.html]
[wealthmax.co.uk/mortage/fourth-card.png]
[wealthmax.co.uk/mortgage.html]
[wealthmax.co.uk/mortgage/remortgage.html]
[wealthmax.co.uk/desktop image/commercial.webp]
[wealthmax.co.uk/commerciallending/mainimg.png]
[wealthmax.co.uk/commerciallending/topimg.png]
[wealthmax.co.uk/commerciallending/bottom..png]
[wealthmax.co.uk/commerciallending/first.png]
[wealthmax.co.uk/commercial-lending/bridging-loan.html]
[wealthmax.co.uk/commerciallending/second.png]
[wealthmax.co.uk/commercial-lending/commercial-mortgage.html]
[wealthmax.co.uk/commerciallending/third.png]
[wealthmax.co.uk/commercial-lending/business-finance.html]
[wealthmax.co.uk/commerciallending/fourth.png]
[wealthmax.co.uk/commercial-lending/asset-finance.html]
[wealthmax.co.uk/commerciallending/fifth.png]
[wealthmax.co.uk/commercial-lending/buy-to-let.html]
[wealthmax.co.uk/commerciallending/sixth.png]
[wealthmax.co.uk/commercial-lending.html]
[wealthmax.co.uk/commercial-lending/property-development-finance.html]
[wealthmax.co.uk/desktop image/pension.webp]
[wealthmax.co.uk/pension-img/main-imgg.png]
[wealthmax.co.uk/pension-img/top-image.png]
[wealthmax.co.uk/pension-img/bottom-img.png]
[wealthmax.co.uk/pension-img/first-cardd.png]
[wealthmax.co.uk/pension-img/second-card.png]
[wealthmax.co.uk/pension-img/thirdd-card.png]
[wealthmax.co.uk/pension.html]
[wealthmax.co.uk/desktop image/w&E.webp]
[wealthmax.co.uk/willsplanning/main.png]
[wealthmax.co.uk/willsplanning/top.png]
[wealthmax.co.uk/willsplanning/bottom.png]
[wealthmax.co.uk/willsplanning/first-card.png]
[wealthmax.co.uk/willsplanning/sec-card.png]
[wealthmax.co.uk/willsplanning/third-card.png]
[wealthmax.co.uk/willsplanning/fourth-card.png]
[wealthmax.co.uk/wills.html]
[wealthmax.co.uk/desktop image/whoweare.webp]
[wealthmax.co.uk/howarewe/icon1.png]
[wealthmax.co.uk/howarewe/icon2.png]
[wealthmax.co.uk/howarewe/icon3.png]
[wealthmax.co.uk/howarewe/Frame.svg]
[wealthmax.co.uk/howarewe/Group.svg]
[wealthmax.co.uk/howarewe/a1.png]
[wealthmax.co.uk/who-we-are.html]
[wealthmax.co.uk/nw/Section.webp]
[wealthmax.co.uk/nw/nwbgig.png]
[wealthmax.co.uk/nw/Bg.html]
[wealthmax.co.uk/desktop image/network.webp]
[wealthmax.co.uk/nw/AR.svg]
[wealthmax.co.uk/network/appointed-representative.html]
[wealthmax.co.uk/nw/Introducer.svg]
[wealthmax.co.uk/network/introducer.html]
[wealthmax.co.uk/nw/Self Employed Adviser.svg]
[wealthmax.co.uk/network/self-employed-adviser.html]
[wealthmax.co.uk/nw/nw_cards_img/nc1.png]
[wealthmax.co.uk/nw/nw_cards_img/nc1-new.png]
[wealthmax.co.uk/nw/nw_cards_img/nc2.png]
[wealthmax.co.uk/nw/nw_cards_img/nc4.png]
[wealthmax.co.uk/nw/nw_cards_img/nc5.png]
[wealthmax.co.uk/nw/nw_cards_img/nc6.png]
[wealthmax.co.uk/nw/img1nw.png]
[wealthmax.co.uk/nw/Frame.svg]
[wealthmax.co.uk/nw/net-support.png]
[wealthmax.co.uk/nw/topImg.svg]
[wealthmax.co.uk/nw/icon.png]
[wealthmax.co.uk/nw/estate planning.png]
[wealthmax.co.uk/network.html]
[wealthmax.co.uk/howarewe/Call.svg]
[wealthmax.co.uk/careers/carrersbanner.png]
[wealthmax.co.uk/desktop image/careers.webp]
[wealthmax.co.uk/careers/c1.png]
[wealthmax.co.uk/careers/overlay-img.png]
[wealthmax.co.uk/careers.html]
[wealthmax.co.uk/contactus/Linkedin.svg]
[wealthmax.co.uk/contactus/Instagram.svg]
[wealthmax.co.uk/contactus/X.svg]
[wealthmax.co.uk/contactus/callbackcu.png]
[wealthmax.co.uk/contactus/c11.png]
[wealthmax.co.uk/contactus/c12.png]
[wealthmax.co.uk/contactus/c13.png]
[wealthmax.co.uk/contactus/c14.png]
[wealthmax.co.uk/contact-us.html]
[wealthmax.co.uk/newsletter/newsletterBanner.png]
[wealthmax.co.uk/newsletter/newsletterOrangeBox.png]
[wealthmax.co.uk/newsletter/No blogs yet.png]
[wealthmax.co.uk/newsletter.html]
[wealthmax.co.uk/homepage/p-avatargroup.svg]
[wealthmax.co.uk/homepage/stars-g.svg]
[wealthmax.co.uk/homepage/card2-img/hw1.svg]
[wealthmax.co.uk/homepage/card2-img/hw2.svg]
[wealthmax.co.uk/homepage/card2-img/hw3.svg]
[wealthmax.co.uk/homepage/card2-img/hw4.svg]
[wealthmax.co.uk/homepage/card2-img/hw5.svg]
[wealthmax.co.uk/signals/config/index.html]
[wealthmax.co.uk/t.html]
[wealthmax.co.uk/e.html]
[wealthmax.co.uk/signals/plugins/index.html]
[wealthmax.co.uk/schema.org/index.html]
[wealthmax.co.uk/t-2.html]
[wealthmax.co.uk/o.html]
[wealthmax.co.uk/signals/iwl.html]
[wealthmax.co.uk/signals/iwl0fc5.html]
[wealthmax.co.uk/n.html]
[wealthmax.co.uk/n-2.html]
[wealthmax.co.uk/desktop image/error-img.svg]
[wealthmax.co.uk/protection-img/main.svg]
[wealthmax.co.uk/protection-img/right.svg]
[wealthmax.co.uk/protection-img/key.svg]
[wealthmax.co.uk/protection-img/shareholder.svg]
[wealthmax.co.uk/protection-img/relevant.svg]
[wealthmax.co.uk/protection-img/business.svg]
[wealthmax.co.uk/mortgages/buy-to-let/portfolio.svg]
[wealthmax.co.uk/mortgages/buy-to-let/inflation.svg]
[wealthmax.co.uk/mortgages/buy-to-let/tax advantages.svg]
[wealthmax.co.uk/mortgages/buy-to-let/rs-img.png]
[wealthmax.co.uk/mortgage/buy-to-let.html]
[wealthmax.co.uk/desktop image/residential.webp]
[wealthmax.co.uk/mortgages/first-time-buyer/f1.png]
[wealthmax.co.uk/mortgages/first-time-buyer/f2.png]
[wealthmax.co.uk/mortgages/first-time-buyer/f3.png]
[wealthmax.co.uk/mortgages/first-time-buyer/f4.png]
[wealthmax.co.uk/mortgages/first-time-buyer/f5.png]
[wealthmax.co.uk/mortgages/resdiential/a1.svg]
[wealthmax.co.uk/mortgages/resdiential/a2.svg]
[wealthmax.co.uk/mortgages/resdiential/a3.svg]
[wealthmax.co.uk/mortgages/resdiential/a4.svg]
[wealthmax.co.uk/mortgages/resdiential/a5.svg]
[wealthmax.co.uk/mortgages/resdiential/rsdeiential-right-side.png]
[wealthmax.co.uk/mortgage/residential-mortgages.html]
[wealthmax.co.uk/desktop image/firsttimebuyer.webp]
[wealthmax.co.uk/mortgages/first-time-buyer/f6.png]
[wealthmax.co.uk/mortgages/first-time-buyer/financial.svg]
[wealthmax.co.uk/mortgages/first-time-buyer/additional (2).svg]
[wealthmax.co.uk/mortgages/first-time-buyer/research.svg]
[wealthmax.co.uk/mortgages/first-time-buyer/long term.svg]
[wealthmax.co.uk/mortgages/first-time-buyer/fsrs.png]
[wealthmax.co.uk/mortgage/first-time-buyer.html]
[wealthmax.co.uk/desktop image/romortgage.webp]
[wealthmax.co.uk/mortgages/remortgages/better.svg]
[wealthmax.co.uk/mortgages/remortgages/improved.svg]
[wealthmax.co.uk/mortgages/remortgages/access.svg]
[wealthmax.co.uk/mortgages/remortgages/additional.svg]
[wealthmax.co.uk/mortgages/remortgages/adaptability.svg]
[wealthmax.co.uk/mortgages/remortgages/remortgage-benefts.png]
[wealthmax.co.uk/mortgage/remortgage.html]
[wealthmax.co.uk/desktop image/bridgingLoan.webp]
[wealthmax.co.uk/commerciallending/bridgingloan/benefits-icon1.png]
[wealthmax.co.uk/commerciallending/bridgingloan/benefits-icon2.png]
[wealthmax.co.uk/commerciallending/bridgingloan/benefits-icon3.png]
[wealthmax.co.uk/commerciallending/bridgingloan/benefits-icon4.png]
[wealthmax.co.uk/commerciallending/bridgingloan/benefits-icon-5.svg]
[wealthmax.co.uk/commerciallending/bridgingloan/benefits-icon-6.svg]
[wealthmax.co.uk/commerciallending/bridgingloan/benefits-icon-7.svg]
[wealthmax.co.uk/commerciallending/bussiness/icon1.svg]
[wealthmax.co.uk/commerciallending/bridgingloan/benefits-bridging-loan.png]
[wealthmax.co.uk/commercial-lending/bridging-loan.html]
[wealthmax.co.uk/desktop image/comMortgage.webp]
[wealthmax.co.uk/commerciallending/commercial/card1.png]
[wealthmax.co.uk/commerciallending/commercial/card2.png]
[wealthmax.co.uk/commerciallending/commercial/card3.png]
[wealthmax.co.uk/commerciallending/commercial/card4.png]
[wealthmax.co.uk/commerciallending/buyToLet/icon1.svg]
[wealthmax.co.uk/commerciallending/asset/icon1.svg]
[wealthmax.co.uk/commerciallending/commercial/benefit4.svg]
[wealthmax.co.uk/commerciallending/commercial/benefit-banner.png]
[wealthmax.co.uk/commercial-lending/commercial-mortgage.html]
[wealthmax.co.uk/desktop image/businessFinance.webp]
[wealthmax.co.uk/commerciallending/bussiness/icon2.svg]
[wealthmax.co.uk/commerciallending/bussiness/icon3.svg]
[wealthmax.co.uk/commerciallending/bussiness/icon4.svg]
[wealthmax.co.uk/commerciallending/bussiness/bussiness-benefit-banner.png]
[wealthmax.co.uk/commercial-lending/business-finance.html]
[wealthmax.co.uk/desktop image/asset finance.webp]
[wealthmax.co.uk/commerciallending/asset/icon2.svg]
[wealthmax.co.uk/commerciallending/asset/icon3.svg]
[wealthmax.co.uk/commerciallending/asset/icon4.svg]
[wealthmax.co.uk/commerciallending/asset/benefit-banner.png]
[wealthmax.co.uk/commercial-lending/asset-finance.html]
[wealthmax.co.uk/desktop image/buyToLetFinance.webp]
[wealthmax.co.uk/commerciallending/buyToLet/icon4.svg]
[wealthmax.co.uk/commerciallending/buyToLet/benefit-banner.png]
[wealthmax.co.uk/commercial-lending/buy-to-let.html]
[wealthmax.co.uk/desktop image/propertyDevelopment.webp]
[wealthmax.co.uk/commerciallending/finance/benefit1.svg]
[wealthmax.co.uk/commerciallending/finance/benefit2.svg]
[wealthmax.co.uk/commerciallending/finance/benefit3.svg]
[wealthmax.co.uk/commerciallending/finance/benefits-banner.png]
[wealthmax.co.uk/commercial-lending/property-development-finance.html]
[wealthmax.co.uk/howarewe/Frame.svg]
[wealthmax.co.uk/howarewe/Group.svg]
[wealthmax.co.uk/nw/Bg.html]
[wealthmax.co.uk/nw/AR.svg]
[wealthmax.co.uk/nw/form-img.webp]
[wealthmax.co.uk/nw/aricon1.png]
[wealthmax.co.uk/nw/aricon2.png]
[wealthmax.co.uk/nw/aricon3.png]
[wealthmax.co.uk/nw/aricon4.png]
[wealthmax.co.uk/nw/Figure.png]
[wealthmax.co.uk/nw/iicon1.png]
[wealthmax.co.uk/nw/iicon5.png]
[wealthmax.co.uk/nw/iicon3.png]
[wealthmax.co.uk/nw/iicon6.png]
[wealthmax.co.uk/nw/iicon2.png]
[wealthmax.co.uk/nw/ar banner.svg]
[wealthmax.co.uk/nw/fly.png]
[wealthmax.co.uk/nw/arfigure.png]
[wealthmax.co.uk/nw/Email.png]
[wealthmax.co.uk/nw/Phone.png]
[wealthmax.co.uk/network/appointed-representative.html]
[wealthmax.co.uk/nw/Introducer.svg]
[wealthmax.co.uk/desktop image/introducer.webp]
[wealthmax.co.uk/nw/intro1.png]
[wealthmax.co.uk/nw/Icard4.png]
[wealthmax.co.uk/nw/iicon4.png]
[wealthmax.co.uk/nw/intro2.png]
[wealthmax.co.uk/nw/ad11.png]
[wealthmax.co.uk/nw/ad22.png]
[wealthmax.co.uk/nw/ad33.png]
[wealthmax.co.uk/nw/introducerfig.png]
[wealthmax.co.uk/network/introducer.html]
[wealthmax.co.uk/nw/Self Employed Adviser.svg]
[wealthmax.co.uk/desktop image/Adviser.webp]
[wealthmax.co.uk/nw/adviserfig.png]
[wealthmax.co.uk/nw/ad1.png]
[wealthmax.co.uk/nw/ad2.png]
[wealthmax.co.uk/nw/ad3.png]
[wealthmax.co.uk/nw/ad4.png]
[wealthmax.co.uk/network/self-employed-adviser.html]
[wealthmax.co.uk/nw/topImg.svg]
[wealthmax.co.uk/nw/Frame.svg]
[wealthmax.co.uk/howarewe/Call.svg]
[wealthmax.co.uk/careers/arrowup-c.svg]
[wealthmax.co.uk/contactus/Linkedin.svg]
[wealthmax.co.uk/contactus/Facebook.svg]
[wealthmax.co.uk/contactus/Instagram.svg]
[wealthmax.co.uk/contactus/X.svg]
[wealthmax.co.uk/mortgages/buy-to-let/portfolio.svg]
[wealthmax.co.uk/mortgages/buy-to-let/inflation.svg]
[wealthmax.co.uk/mortgages/buy-to-let/tax advantages.svg]
[wealthmax.co.uk/mortgages/resdiential/a1.svg]
[wealthmax.co.uk/mortgages/resdiential/a2.svg]
[wealthmax.co.uk/mortgages/resdiential/a3.svg]
[wealthmax.co.uk/mortgages/resdiential/a4.svg]
[wealthmax.co.uk/mortgages/resdiential/a5.svg]
[wealthmax.co.uk/mortgages/first-time-buyer/financial.svg]
[wealthmax.co.uk/mortgages/first-time-buyer/additional (2).svg]
[wealthmax.co.uk/mortgages/first-time-buyer/research.svg]
[wealthmax.co.uk/mortgages/first-time-buyer/long term.svg]
[wealthmax.co.uk/mortgages/remortgages/better.svg]
[wealthmax.co.uk/mortgages/remortgages/improved.svg]
[wealthmax.co.uk/mortgages/remortgages/access.svg]
[wealthmax.co.uk/mortgages/remortgages/additional.svg]
[wealthmax.co.uk/mortgages/remortgages/adaptability.svg]
[wealthmax.co.uk/commerciallending/bridgingloan/benefits-icon-5.svg]
[wealthmax.co.uk/commerciallending/bridgingloan/benefits-icon-6.svg]
[wealthmax.co.uk/commerciallending/bridgingloan/benefits-icon-7.svg]
[wealthmax.co.uk/commerciallending/bussiness/icon1.svg]
[wealthmax.co.uk/commerciallending/buyToLet/icon1.svg]
[wealthmax.co.uk/commerciallending/asset/icon1.svg]
[wealthmax.co.uk/commerciallending/commercial/benefit4.svg]
[wealthmax.co.uk/commerciallending/bussiness/icon2.svg]
[wealthmax.co.uk/commerciallending/bussiness/icon3.svg]
[wealthmax.co.uk/commerciallending/bussiness/icon4.svg]
[wealthmax.co.uk/commerciallending/asset/icon2.svg]
[wealthmax.co.uk/commerciallending/asset/icon3.svg]
[wealthmax.co.uk/commerciallending/asset/icon4.svg]
[wealthmax.co.uk/commerciallending/buyToLet/icon4.svg]
[wealthmax.co.uk/commerciallending/finance/benefit1.svg]
[wealthmax.co.uk/commerciallending/finance/benefit2.svg]
[wealthmax.co.uk/commerciallending/finance/benefit3.svg]
[wealthmax.co.uk/nw/ar banner.svg]
[wealthmax.co.uk/nw/self adviser carrer path.svg]
[wealthmax.co.uk/nw/self adviser carrer path.svg]
